// Jest Snapshot v1, https://goo.gl/fbAQLP

exports[`Test React  1`] = `
<div>
  <div>
    count:
    100
  </div>
  <button
    onClick={[Function]}
  >
    Add
  </button>
</div>
`;
